// Jest Snapshot v1, https://goo.gl/fbAQLP

exports[`App App snapshot test 1`] = `
<div>
  Loading...
</div>
`;

exports[`App render correctly App component 1`] = `
<div>
  Loading...
</div>
`;

exports[`App snapshot test 1`] = `
<div>
  Loading...
</div>
`;
