// Jest Snapshot v1, https://goo.gl/fbAQLP

exports[`Arrow should render correctly 1`] = `<Arrow__ArrowImage />`;
