// Jest Snapshot v1, https://goo.gl/fbAQLP

exports[`Photo should render correctly 1`] = `
<Photo__Image
  className="photo"
/>
`;
